error: The attribute #[main(nb_iter)] is not valid here (does not apply to Const)
 --> tests/fail/ui/options/not-applicable.rs:2:5
  |
2 |     #[main]
  |     ^^^^^^^
